[www.themestarz.net/html/universo/index2.html]
[backblue.gif]
[fade.gif]
[index.html]
[www.themestarz.net/html/universo/index.html]
[www.themestarz.net/html/universo/assets/img/logo.png]
[www.themestarz.net/html/universo/homepage-courses.html]
[www.themestarz.net/html/universo/homepage-events.html]
[www.themestarz.net/html/universo/course-landing-page.html]
[www.themestarz.net/html/universo/course-listing.html]
[www.themestarz.net/html/universo/course-listing-images.html]
[www.themestarz.net/html/universo/course-detail-v1.html]
[www.themestarz.net/html/universo/course-detail-v2.html]
[www.themestarz.net/html/universo/course-detail-v3.html]
[www.themestarz.net/html/universo/event-listing-images.html]
[www.themestarz.net/html/universo/event-listing.html]
[www.themestarz.net/html/universo/event-grid.html]
[www.themestarz.net/html/universo/event-detail.html]
[www.themestarz.net/html/universo/event-calendar.html]
[www.themestarz.net/html/universo/about-us.html]
[www.themestarz.net/html/universo/blog-listing.html]
[www.themestarz.net/html/universo/blog-detail.html]
[www.themestarz.net/html/universo/full-width.html]
[www.themestarz.net/html/universo/left-sidebar.html]
[www.themestarz.net/html/universo/right-sidebar.html]
[www.themestarz.net/html/universo/microsite.html]
[www.themestarz.net/html/universo/my-account.html]
[www.themestarz.net/html/universo/members.html]
[www.themestarz.net/html/universo/member-detail.html]
[www.themestarz.net/html/universo/register-sign-in.html]
[www.themestarz.net/html/universo/shortcodes.html]
[www.themestarz.net/html/universo/contact-us.html]
[www.themestarz.net/html/universo/assets/img/background-city.png]
[www.themestarz.net/html/universo/assets/img/slide-1.jpg]
[www.themestarz.net/html/universo/assets/img/slide-2.jpg]
[www.themestarz.net/html/universo/assets/img/slide-3.jpg]
[www.themestarz.net/html/universo/assets/img/students.jpg]
[www.themestarz.net/html/universo/assets/img/student-testimonial.jpg]
[www.themestarz.net/html/universo/assets/img/professor.jpg]
[www.themestarz.net/html/universo/assets/img/professor-02.jpg]
[www.themestarz.net/html/universo/assets/img/gallery-big-image.jpg]
[www.themestarz.net/html/universo/assets/img/image-01.jpg]
[www.themestarz.net/html/universo/assets/img/image-02.jpg]
[www.themestarz.net/html/universo/assets/img/image-03.jpg]
[www.themestarz.net/html/universo/assets/img/image-04.jpg]
[www.themestarz.net/html/universo/assets/img/image-05.jpg]
[www.themestarz.net/html/universo/assets/img/image-06.jpg]
[www.themestarz.net/html/universo/assets/img/image-07.jpg]
[www.themestarz.net/html/universo/assets/img/image-08.jpg]
[www.themestarz.net/html/universo/assets/img/image-09.jpg]
[www.themestarz.net/html/universo/assets/img/image-10.jpg]
[www.themestarz.net/html/universo/assets/img/image-11.jpg]
[www.themestarz.net/html/universo/assets/img/image-12.jpg]
[www.themestarz.net/html/universo/assets/img/image-13.jpg]
[www.themestarz.net/html/universo/assets/img/image-14.jpg]
[www.themestarz.net/html/universo/assets/img/logo-partner-01.png]
[www.themestarz.net/html/universo/assets/img/logo-partner-02.png]
[www.themestarz.net/html/universo/assets/img/logo-partner-03.png]
[www.themestarz.net/html/universo/assets/img/logo-partner-04.png]
[www.themestarz.net/html/universo/assets/img/logo-partner-05.png]
[www.themestarz.net/html/universo/assets/img/logo-white.png]
[www.themestarz.net/html/universo/assets/js/jquery-2.1.0.min.js]
[www.themestarz.net/html/universo/assets/js/jquery-migrate-1.2.1.min.js]
[www.themestarz.net/html/universo/assets/bootstrap/js/bootstrap.min.js]
[www.themestarz.net/html/universo/assets/js/selectize.min.js]
[www.themestarz.net/html/universo/assets/js/owl.carousel.min.js]
[www.themestarz.net/html/universo/assets/js/jquery.validate.min.js]
[www.themestarz.net/html/universo/assets/js/jquery.placeholder.js]
[www.themestarz.net/html/universo/assets/js/jQuery.equalHeights.js]
[www.themestarz.net/html/universo/assets/js/icheck.min.js]
[www.themestarz.net/html/universo/assets/js/jquery.vanillabox-0.1.5.min.js]
[www.themestarz.net/html/universo/assetss/js/retina-1.1.0.min.js]
[www.themestarz.net/html/universo/assets/js/custom.js]
[www.themestarz.net/html/universo/index2.html]
[www.themestarz.net/html/universo/assets/fonts/fontawesome-webfontba72.eot]
[www.themestarz.net/html/universo/assets/fonts/fontawesome-webfontd41d.eot]
[www.themestarz.net/html/universo/assets/fonts/fontawesome-webfontba72.woff]
[www.themestarz.net/html/universo/assets/fonts/fontawesome-webfontba72.ttf]
[www.themestarz.net/html/universo/assets/css/font-awesome.css]
[www.themestarz.net/html/universo/assets/bootstrap/fonts/glyphicons-halflings-regular.eot]
[www.themestarz.net/html/universo/assets/bootstrap/fonts/glyphicons-halflings-regular.woff]
[www.themestarz.net/html/universo/assets/bootstrap/fonts/glyphicons-halflings-regulard41d.eot]
[www.themestarz.net/html/universo/assets/bootstrap/fonts/glyphicons-halflings-regular.ttf]
[www.themestarz.net/html/universo/assets/bootstrap/css/bootstrap.css]
[www.themestarz.net/html/universo/assets/css/selectize.css]
[www.themestarz.net/html/universo/assets/img/grabbing.png]
[www.themestarz.net/html/universo/assets/css/owl.carousel.css]
[www.themestarz.net/html/universo/assets/css/vanillabox/img/close0.png]
[www.themestarz.net/html/universo/assets/css/vanillabox/img/close0@2x.png]
[www.themestarz.net/html/universo/assets/css/vanillabox/img/close1.png]
[www.themestarz.net/html/universo/assets/css/vanillabox/img/close1@2x.png]
[www.themestarz.net/html/universo/assets/css/vanillabox/img/prev0.png]
[www.themestarz.net/html/universo/assets/css/vanillabox/img/prev0@2x.png]
[www.themestarz.net/html/universo/assets/css/vanillabox/img/prev1.png]
[www.themestarz.net/html/universo/assets/css/vanillabox/img/prev1@2x.png]
[www.themestarz.net/html/universo/assets/css/vanillabox/img/next0.png]
[www.themestarz.net/html/universo/assets/css/vanillabox/img/next0@2x.png]
[www.themestarz.net/html/universo/assets/css/vanillabox/img/next1.png]
[www.themestarz.net/html/universo/assets/css/vanillabox/img/next1@2x.png]
[www.themestarz.net/html/universo/assets/css/vanillabox/img/loading.gif]
[www.themestarz.net/html/universo/assets/css/vanillabox/img/loading@2x.gif]
[www.themestarz.net/html/universo/assets/css/vanillabox/img/error.png]
[www.themestarz.net/html/universo/assets/css/vanillabox/img/error@2x.png]
[www.themestarz.net/html/universo/assets/css/vanillabox/vanillabox.css]
[www.themestarz.net/html/universo/assets/css/style.css]
[www.themestarz.net/html/universo/url_string]
[www.themestarz.net/html/universo/index.html]
[www.themestarz.net/html/universo/assets/img/landing-page-background.jpg]
[www.themestarz.net/html/universo/assets/img/slider-slide-02.jpg]
[www.themestarz.net/html/universo/assets/img/course-01.jpg]
[www.themestarz.net/html/universo/assets/img/course-02.jpg]
[www.themestarz.net/html/universo/assets/img/course-03.jpg]
[www.themestarz.net/html/universo/assets/img/course-04.jpg]
[www.themestarz.net/html/universo/assets/js/jquery.tablesorter.min.js]
[www.themestarz.net/html/universo/assets/js/greensock.js]
[www.themestarz.net/html/universo/assets/js/layerslider.transitions.js]
[www.themestarz.net/html/universo/assets/js/layerslider.kreaturamedia.jquery.js]
[www.themestarz.net/html/universo/assets/js/jquery.flexslider-min.js]
[www.themestarz.net/html/universo/assets/js/retina-1.1.0.min.js]
[www.themestarz.net/html/universo/homepage-courses.html]
[www.themestarz.net/html/universo/assets/img/event-slide-01.jpg]
[www.themestarz.net/html/universo/assets/img/event-img-01.jpg]
[www.themestarz.net/html/universo/assets/img/event-img-02.jpg]
[www.themestarz.net/html/universo/assets/img/event-img-03.jpg]
[www.themestarz.net/html/universo/assets/js/fullcalendar.min.js]
[www.themestarz.net/html/universo/homepage-events.html]
[www.themestarz.net/html/universo/assets/js/jquery.knob.js]
[www.themestarz.net/html/universo/assets/js/jquery.ccountdown.js]
[www.themestarz.net/html/universo/assets/js/init.js]
[www.themestarz.net/html/universo/course-landing-page.html]
[www.themestarz.net/html/universo/course-listing.html]
[www.themestarz.net/html/universo/assets/img/event-img-04.jpg]
[www.themestarz.net/html/universo/assets/img/event-img-05.jpg]
[www.themestarz.net/html/universo/course-listing-images.html]
[www.themestarz.net/html/universo/assets/img/course-detail-img.jpg]
[www.themestarz.net/html/universo/assets/img/discussion-author-02.jpg]
[www.themestarz.net/html/universo/assets/img/discussion-author-03.jpg]
[www.themestarz.net/html/universo/assets/pdf/presentation.pdf]
[www.themestarz.net/html/universo/assets/img/book-01.jpg]
[www.themestarz.net/html/universo/assets/img/book-02.jpg]
[www.themestarz.net/html/universo/assets/js/countdown.js]
[www.themestarz.net/html/universo/assets/js/jquery.raty.min.js]
[www.themestarz.net/html/universo/assets/js/jquery.media.js]
[www.themestarz.net/html/universo/course-detail-v1.html]
[www.themestarz.net/html/universo/course-detail-v2.html]
[www.themestarz.net/html/universo/course-detail-v3.html]
[www.themestarz.net/html/universo/event-listing-images.html]
[www.themestarz.net/html/universo/event-listing.html]
[www.themestarz.net/html/universo/event-grid.html]
[www.themestarz.net/html/universo/event-detail.html]
[www.themestarz.net/html/universo/event-calendar.html]
[www.themestarz.net/html/universo/assets/img/about-us-head-img.jpg]
[www.themestarz.net/html/universo/about-us.html]
[www.themestarz.net/html/universo/assets/img/blog-01.jpg]
[www.themestarz.net/html/universo/assets/img/blog-02.jpg]
[www.themestarz.net/html/universo/assets/img/blog-03.jpg]
[www.themestarz.net/html/universo/assets/img/blog-04.jpg]
[www.themestarz.net/html/universo/assets/img/blog-05.jpg]
[www.themestarz.net/html/universo/assets/img/blog-06.jpg]
[www.themestarz.net/html/universo/blog-listing.html]
[www.themestarz.net/html/universo/assets/img/blog-detail-img.jpg]
[www.themestarz.net/html/universo/blog-detail.html]
[www.themestarz.net/html/universo/full-width.html]
[www.themestarz.net/html/universo/left-sidebar.html]
[www.themestarz.net/html/universo/right-sidebar.html]
[www.themestarz.net/html/universo/microsite.html]
[www.themestarz.net/html/universo/assets/img/profile-avatar.jpg]
[www.themestarz.net/html/universo/my-account.html]
[www.themestarz.net/html/universo/members.html]
[www.themestarz.net/html/universo/assets/img/member-detail.jpg]
[www.themestarz.net/html/universo/member-detail.html]
[www.themestarz.net/html/universo/register-sign-in.html]
[www.themestarz.net/html/universo/shortcodes.html]
[www.themestarz.net/html/universo/contact-us.html]
[www.themestarz.net/html/universo/assetss/js/retina-1.1.0.min.html]
[www.themestarz.net/html/universo/assets/fonts/fontawesome-webfontba72.svg]
[www.themestarz.net/html/universo/assets/bootstrap/fonts/glyphicons-halflings-regular.svg]
[www.themestarz.net/html/iframe-style.css]
[www.themestarz.net/html/universo/url_string.html]
[www.themestarz.net/html/universo/assets/css/blank.95.delayed]
[www.themestarz.net/html/universo/assets/css/layerslider.css]
[www.themestarz.net/html/universo/assets/css/fonts/flexslider-icon.eot]
[www.themestarz.net/html/universo/assets/css/fonts/flexslider-icond41d.eot]
[www.themestarz.net/html/universo/assets/css/fonts/flexslider-icon.woff]
[www.themestarz.net/html/universo/assets/css/fonts/flexslider-icon.ttf]
[www.themestarz.net/html/universo/assets/css/fonts/flexslider-icon.svg]
[www.themestarz.net/html/universo/assets/css/flexslider.css]
[www.themestarz.net/html/universo/assets/js/greensock.html]
[www.themestarz.net/html/universo/assets/js/layerslider.transitions.html]
[www.themestarz.net/html/universo/assets/js/layerslider.kreaturamedia.jquery.html]
[www.themestarz.net/html/universo/assets/css/fullcalendar.css]
[www.themestarz.net/html/universo/assets/css/fullcalendar.print.css]
[www.themestarz.net/html/universo/assets/css/blank.html]
[www.themestarz.net/html/universo/assets/css/fonts/flexslider-icon.html]
[www.themestarz.net/html/universo/assets/css/fonts/flexslider-icond41d.html]
[www.themestarz.net/html/universo/assets/css/fonts/flexslider-icon-2.html]
[www.themestarz.net/html/universo/assets/css/fonts/flexslider-icon-3.html]
[www.themestarz.net/html/universo/assets/css/fonts/flexslider-icon-4.html]
